[inherit] eft__math__erdos_min_overlap: rollout starts from inherited best program (6416 chars, 2 crossover parents)
[run] agent | 1 tasks | out=/lustre/fsw/portfolios/av/users/yingzim/runs/self_adapt_harness/outer/round523/rollouts/eft__math__erdos_min_overlap/cand08/20260728-203100
[1/1] eft__math__erdos_min_overlap (tier1_cpu_lightsetup) ...
E2B SDK not installed. Install it with: pip install e2b
[session] rejected invalid high score (combined=0 validity=0 err=Timeout after 150s) — not counted as best
[session] rejected invalid high score (combined=0 validity=0 err=Attempted boolean conversion of traced array with shape bool[].
The error occurred while tracing the function train_step at /tmp/root/2712988/eft_eval_qs2mrdxf/candidate.py:136 for jit. This concrete value was not available in Python because it depends on the value of the argument h_values.
See https://docs.jax.dev/en/latest/errors.html#jax.errors.TracerBoolConversionError) — not counted as best
[session] rejected invalid high score (combined=0 validity=0 err=Attempted boolean conversion of traced array with shape bool[].
The error occurred while tracing the function train_step at /tmp/root/2712988/eft_eval_8ywpn3ct/candidate.py:117 for jit. This concrete value was not available in Python because it depends on the value of the argument h_values.
See https://docs.jax.dev/en/latest/errors.html#jax.errors.TracerBoolConversionError) — not counted as best
[session] rejected invalid high score (combined=0 validity=0 err=Expected h shape (50,), got (37,)) — not counted as best
[session] rejected invalid high score (combined=0 validity=0 err=Expected h shape (50,), got (49,)) — not counted as best
[session] rejected invalid high score (combined=0 validity=0 err=Expected h shape (50,), got (49,)) — not counted as best
[session] rejected invalid high score (combined=0 validity=0 err=Expected h shape (50,), got (37,)) — not counted as best
[session] rejected invalid high score (combined=0 validity=0 err=Integral of h is not close to 1. Got: 0.040000) — not counted as best
[session] rejected invalid high score (combined=0 validity=0 err=Integral of h is not close to 1. Got: 0.040000) — not counted as best
[session] rejected invalid high score (combined=0 validity=0 err=Integral of h is not close to 1. Got: 0.040000) — not counted as best
[session] rejected invalid high score (combined=0 validity=0 err=Integral is 0.03999999165534973, expected 1.0) — not counted as best
[session] rejected invalid high score (combined=0 validity=0 err=Integral of h is not close to 1. Got: 0.040000) — not counted as best
[session] rejected invalid high score (combined=0 validity=0 err=Integral of h is not close to 1. Got: 0.040000) — not counted as best
[session] rejected invalid high score (combined=0 validity=0 err=Integral of h is not close to 1. Got: 0.040000) — not counted as best
      best=0.9663596978589365 seed=0.0 delta=0.9663596978589365 evals=23 err=None

[done] 1 scored | improved over seed: 1/1
[done] summary -> /lustre/fsw/portfolios/av/users/yingzim/runs/self_adapt_harness/outer/round523/rollouts/eft__math__erdos_min_overlap/cand08/20260728-203100/summary.csv
